// Jest Snapshot v1, https://goo.gl/fbAQLP

exports[`dashboard renders correctly 1`] = `
<nav
  className="navbar navbar-expand-sm navbar-light bg-light"
>
  <button
    aria-controls="navbarTogglerDemo01"
    aria-expanded="false"
    aria-label="Toggle navigation"
    className="navbar-toggler"
    data-target="#navbarTogglerDemo01"
    data-toggle="collapse"
    type="button"
  >
    <span
      className="navbar-toggler-icon"
    />
  </button>
  <div
    className="collapse navbar-collapse"
    id="navbarTogglerDemo01"
  >
    <a
      className="navbar-brand"
      href="#"
      id="link-render-test"
    >
      Fridge Management UI
    </a>
    <ul
      className="navbar-nav mr-auto mt-2 mt-lg-0"
    />
  </div>
</nav>
`;
